[15:01:05] [Render thread/INFO] [JMLogger] JourneyMap log initialized.
[15:01:05] [Render thread/INFO] [JourneymapClient] initialize ENTER
[15:01:05] [Render thread/INFO] [ClientAPI] [ClientAPI] built with JourneyMap API 1.9-SNAPSHOT
[15:01:05] [Render thread/INFO] [PluginHelper] Initializing plugins with Client API: journeymap.client.api.impl.ClientAPI
[15:01:05] [Render thread/INFO] [PluginHelper] Initialized IClientPlugin: games.alejandrocoria.mapfrontiers.client.plugin.MapFrontiersPlugin
[15:01:05] [Render thread/INFO] [PluginHelper] Initialized IClientPlugin: net.blay09.mods.waystones.compat.JourneyMapAddon
[15:01:05] [Render thread/INFO] [PluginHelper] Initialized IClientPlugin: frankv.jmi.JMIJourneyMapPlugin
[15:01:05] [Render thread/DEBUG] [JourneymapClient] Loading and Generating Journeymap configs
[15:01:05] [Render thread/WARN] [PropertiesBase] core (Initialized) Bad configField entry during updateFrom(): optionsManagerViewed=null
[15:01:05] [Render thread/INFO] [?] Version: JourneyMap 1.18.2-5.9.8, built with forge 1.18.2-40.1.86
forge: 40.3.0
Environment: os.name, os.arch, java.version, user.country, user.language=null, game language=en_us, locale=en_us
Features: 
	RadarPlayers : singleplayer = true , multiplayer = true
	RadarAnimals : singleplayer = true , multiplayer = true
	RadarMobs : singleplayer = true , multiplayer = true
	RadarVillagers : singleplayer = true , multiplayer = true
	MapTopo : singleplayer = true , multiplayer = true
	MapSurface : singleplayer = true , multiplayer = true
	MapCaves : singleplayer = true , multiplayer = true
	MapBiome : singleplayer = true , multiplayer = true
MiniMapProperties{state=Valid, file=journeymap.minimap.config, configVersion=5.9.8, zoomLevel=0, compassFontScale=1.0, terrainAlpha=100, showEntityNames=true, positionX=0.9, positionY=0.25, effectVertical=false, showPlayerHeading=true, sizePercent=30, playerDisplayScale=1.0, showDayNight=true, showPets=true, preferredMapType=day, showCompass=true, mobDisplay=jm.common.entity_display.dots, systemTimeRealFormat=HH:mm:ss, shape=jm.minimap.shape_circle, showSelf=true, selfDisplayScale=1.0, showGrid=true, reticleOrientation=jm.minimap.orientation.compass, gameTimeRealFormat=HH:mm:ss, effectTranslateX=-80, showWaypoints=true, minimapKeyMovementSpeed=0.001, showAnimals=true, infoSlotAlpha=0.7, effectTranslateY=0, showWaypointLabels=true, moveEffectIcons=true, position=jm.minimap.position_topright, fontScale=1.0, showPlayers=true, waypointIconScale=1.0, frameAlpha=100, effectReversed=false, backgroundAlpha=0.8, enabled=true, showVillagers=true, info2Label=jm.theme.labelsource.gametime, info3Label=jm.theme.labelsource.location, showMobs=true, waypointLabelScale=1.0, showReticle=true, orientation=jm.minimap.orientation.north, info4Label=jm.theme.labelsource.biome, locationFormat=xzyv, playerDisplay=jm.common.entity_display.dots, mobDisplayScale=1.0, showCaves=true, showMobHeading=true, locationFormatVerbose=true, info1Label=jm.theme.labelsource.blank}
MiniMapProperties{state=Valid, file=journeymap.minimap2.config, configVersion=5.9.8, zoomLevel=0, compassFontScale=1.0, terrainAlpha=100, showEntityNames=true, positionX=0.9, positionY=0.25, effectVertical=false, showPlayerHeading=true, sizePercent=30, playerDisplayScale=1.0, showDayNight=true, showPets=true, preferredMapType=night, showCompass=true, mobDisplay=jm.common.entity_display.dots, systemTimeRealFormat=HH:mm:ss, shape=jm.minimap.shape_rectangle, showSelf=true, selfDisplayScale=1.0, showGrid=true, reticleOrientation=jm.minimap.orientation.compass, gameTimeRealFormat=HH:mm:ss, effectTranslateX=-259, showWaypoints=true, minimapKeyMovementSpeed=0.001, showAnimals=true, infoSlotAlpha=0.7, effectTranslateY=0, showWaypointLabels=true, moveEffectIcons=true, position=jm.minimap.position_topright, fontScale=1.0, showPlayers=true, waypointIconScale=1.0, frameAlpha=100, effectReversed=false, backgroundAlpha=0.8, enabled=true, showVillagers=true, info2Label=jm.theme.labelsource.gametime, info3Label=jm.theme.labelsource.location, showMobs=true, waypointLabelScale=1.0, showReticle=true, orientation=jm.minimap.orientation.north, info4Label=jm.theme.labelsource.biome, locationFormat=xzyv, playerDisplay=jm.common.entity_display.dots, mobDisplayScale=1.0, showCaves=true, showMobHeading=true, locationFormatVerbose=true, info1Label=jm.theme.labelsource.blank}
FullMapProperties{state=Valid, file=journeymap.fullmap.config, configVersion=5.9.8, zoomLevel=0, showPlayers=true, waypointIconScale=1.0, showEntityNames=true, showPlayerHeading=true, showVillagers=true, showPlayerLoc=true, showKeys=true, playerDisplayScale=1.0, showMobs=true, showPets=true, waypointLabelScale=1.0, preferredMapType=day, mobDisplay=jm.common.entity_display.dots, showSelf=true, locationFormat=xzyv, playerDisplay=jm.common.entity_display.dots, mobDisplayScale=1.0, selfDisplayScale=1.0, showGrid=true, showMouseLoc=true, showWaypoints=true, showCaves=true, showAnimals=true, dragScale=1, showMobHeading=true, showWaypointLabels=true, locationFormatVerbose=true, fontScale=1.0}
WaypointProperties{state=Valid, file=journeymap.waypoint.config, configVersion=5.9.8, autoRemoveDeathpointDistance=2, dateFormat=MM-dd-yyyy, autoRemoveDeathpoints=false, fullscreenDoubleClickToCreate=true, managerDimensionFocus=false, minDistance=4, boldLabel=false, textureSmall=true, showDeathpointlabel=true, beaconEnabled=true, createDeathpoints=true, showName=true, disableStrikeThrough=false, maxDistance=0, autoHideLabel=true, autoRemoveTempWaypoints=2, teleportCommand=/tp {name} {x} {y} {z}, showStaticBeam=true, shaderBeacon=false, timeFormat=HH:mm:ss, showDeviationLabel=false, showDistance=true, showRotatingBeam=true, fontScale=2.0, showTexture=true, managerEnabled=true}
WebMapProperties{state=Valid, file=journeymap.webmap.config, configVersion=5.9.8, port=8080, enabled=false}
CoreProperties{state=Valid, file=journeymap.core.config, configVersion=5.9.8, verboseColorPalette=false, maxPlayersData=32, mapSurfaceAboveCaves=true, dataCachingEnabled=true, optionsManagerViewed=null, announceMod=true, colorPassive=#bbbbbb, mapBlendWater=false, renderDistanceSurfaceMax=0, seedId=false, radarVerticalDistance=16, mapBlendGrass=true, recordCacheStats=false, hideSneakingEntities=true, revealShape=jm.minimap.shape_circle, mapBiome=true, alwaysMapSurface=false, colorVillager=#88e188, mapPlants=false, colorPet=#0077ff, radarLateralDistance=64, mapBathymetry=false, mapCrops=true, maxMobsData=32, mapPlantShadows=false, alwaysMapCaves=false, checkUpdates=true, mapBlendFoliage=true, hideSpectators=false, mappingEnabled=true, colorPlayer=#ffffff, tileHighDisplayQuality=true, cacheVillagersData=2200, logLevel=INFO, maxVillagersData=32, mapWaterBiomeColors=false, maxAnimalsData=32, mapTransparency=true, caveBlackAsClear=false, tileRenderType=1, caveIgnoreGlass=true, mapTopography=true, renderDistanceCaveMax=0, mapAntialiasing=true, colorSelf=#0000ff, cachePlayersData=2000, cacheMobsData=3000, cachePlayerData=1000, splashViewed=5.9.8, colorHostile=#ff0000, cacheAnimalsData=3100, themeName=OceanMonument, mapCaveLighting=true, renderDelay=2, glErrorChecking=false, autoMapPoll=2000}
[15:01:05] [Render thread/DEBUG] [ForgeEventHandlerManager] Handler registered: journeymap.client.event.forge.ForgeKeyEvents
[15:01:05] [Render thread/DEBUG] [ForgeEventHandlerManager] Handler registered: journeymap.client.event.forge.ForgeChatEvents
[15:01:05] [Render thread/DEBUG] [ForgeEventHandlerManager] Handler registered: journeymap.client.event.forge.ForgeHudOverlayEvents
[15:01:05] [Render thread/DEBUG] [ForgeEventHandlerManager] Handler registered: journeymap.client.event.forge.ForgeWorldEvent
[15:01:05] [Render thread/DEBUG] [ForgeEventHandlerManager] Handler registered: journeymap.client.event.forge.ForgeChunkEvents
[15:01:05] [Render thread/DEBUG] [ForgeEventHandlerManager] Handler registered: journeymap.client.event.forge.ForgeClientTickEvent
[15:01:05] [Render thread/DEBUG] [ForgeEventHandlerManager] Handler registered: journeymap.client.event.forge.ForgeRenderLevelLastEvent
[15:01:05] [Render thread/DEBUG] [ForgeEventHandlerManager] Handler registered: journeymap.client.event.forge.ForgeLoggedInEvent
[15:01:05] [Render thread/DEBUG] [ForgeEventHandlerManager] Handler registered: journeymap.client.event.forge.ForgeTextureStitchedEvent
[15:01:05] [Render thread/DEBUG] [ForgeEventHandlerManager] Handler registered: journeymap.client.event.forge.ForgePopupCustomEvents
[15:01:05] [Render thread/INFO] [JourneymapClient] initialize EXIT, elapsed count 1 avg 241.86ms
[15:01:20] [Render thread/INFO] [JourneymapClient] Journeymap PostInit
[15:01:20] [Render thread/DEBUG] [JourneymapClient] postInitialize ENTER
[15:01:20] [Render thread/TRACE] [ThemeLoader] Initializing themes ...
[15:01:21] [Render thread/INFO] [ThemeLoader] Preloaded theme textures: 73
[15:01:21] [Render thread/INFO] [JourneymapClient] postInitialize EXIT, elapsed count 1 avg 305.95ms
[15:02:55] [Server thread/INFO] [ForgeConfig] Loading JourneyMap Forge Configs
[15:03:33] [Render thread/INFO] [ChatLog] 
[15:03:33] [Render thread/WARN] [PropertiesBase] core (Initialized) Bad configField entry during updateFrom(): optionsManagerViewed=null
[15:03:33] [Render thread/INFO] [ModBlockDelegate] Custom modded block handling enabled for create
[15:03:33] [Render thread/INFO] [WaypointStore] Loaded 0 waypoints from C:\Users\killi\AppData\Roaming\PrismLauncher\instances\Survie\minecraft\journeymap\data\sp\Survie\waypoints
[15:03:33] [Render thread/INFO] [JourneymapClient] Mapping started in C:\Users\killi\AppData\Roaming\PrismLauncher\instances\Survie\minecraft\journeymap\data\sp\Survie\overworld. Memory: 7672MB total, 988MB free 
[15:03:34] [Render thread/WARN] [JMLogger] Can't get entityTexture for betteranimalsplus:textures/entity_icon/butterfly_swallowtail.png
[15:03:34] [Render thread/WARN] [JMLogger] Can't get entityTexture for betteranimalsplus:textures/entity_icon/flying_fish_yellow.png
[15:03:34] [Render thread/WARN] [JMLogger] Can't get entityTexture for betteranimalsplus:textures/entity_icon/jellyfish_japanese_sea_nettle.png
[15:03:34] [Render thread/WARN] [JMLogger] Can't get entityTexture for betteranimalsplus:textures/entity_icon/jellyfish_purple_striped.png
[15:03:38] [Render thread/WARN] [JMLogger] Can't get entityTexture for betteranimalsplus:textures/entity_icon/barracuda.png
[15:03:44] [Render thread/WARN] [JMLogger] Can't get entityTexture for betteranimalsplus:textures/entity_icon/eel_saltwater_conger.png
[15:04:05] [Render thread/WARN] [JMLogger] Can't get entityTexture for alexsmobs:textures/entity_icon/crow.png
[15:04:05] [Render thread/WARN] [JMLogger] Can't get entityTexture for alexsmobs:textures/entity_icon/flying_fish_2.png
[15:04:05] [Render thread/WARN] [JMLogger] Can't get entityTexture for alexsmobs:textures/entity_icon/lobster_redblue.png
[15:04:05] [Render thread/WARN] [JMLogger] Can't get entityTexture for alexsmobs:textures/entity_icon/lobster_red.png
[15:04:05] [Render thread/WARN] [JMLogger] Can't get entityTexture for alexsmobs:textures/entity_icon/lobster_blue.png
[15:04:15] [Render thread/WARN] [JMLogger] Can't get entityTexture for ars_nouveau:textures/entity_icon/packhunter.png
[15:04:18] [Render thread/WARN] [JMLogger] Can't get entityTexture for betteranimalsplus:textures/entity_icon/jellyfish_moon.png
[15:04:18] [Render thread/WARN] [JMLogger] Can't get entityTexture for betteranimalsplus:textures/entity_icon/flying_fish_purple.png
[15:04:18] [Render thread/WARN] [JMLogger] Can't get entityTexture for betteranimalsplus:textures/entity_icon/eel_saltwater_ribbon.png
[15:04:18] [Render thread/WARN] [JMLogger] Can't get entityTexture for betteranimalsplus:textures/entity_icon/bobbit_worm_1.png
[15:04:18] [Render thread/WARN] [JMLogger] Can't get entityTexture for betteranimalsplus:textures/entity_icon/eel_saltwater_snowflake.png
[15:04:23] [Render thread/WARN] [JMLogger] Can't get entityTexture for alexsmobs:textures/entity_icon/flying_fish_1.png
[15:04:23] [Render thread/WARN] [JMLogger] Can't get entityTexture for betteranimalsplus:textures/entity_icon/eel_saltwater_moray.png
[15:04:36] [Render thread/WARN] [JMLogger] Can't get entityTexture for alexsmobs:textures/entity_icon/terrapin/overlay/terrapin_with_overlays.png
[15:04:36] [Render thread/WARN] [JMLogger] Can't get entityTexture for betteranimalsplus:textures/entity_icon/jellyfish_barrel.png
[15:04:36] [Render thread/WARN] [JMLogger] Can't get entityTexture for betteranimalsplus:textures/entity_icon/jellyfish_white_spotted.png
[15:04:36] [Render thread/WARN] [JMLogger] Can't get entityTexture for betteranimalsplus:textures/entity_icon/jellyfish_crown.png
[15:04:36] [Render thread/WARN] [JMLogger] Can't get entityTexture for alexsmobs:textures/entity_icon/lobster_yellow.png
[15:05:01] [Render thread/WARN] [JMLogger] Can't get entityTexture for betteranimalsplus:textures/entity_icon/eel_saltwater_dragon.png
[15:05:19] [Render thread/WARN] [JMLogger] born_in_chaos_v1:textures/entities/corpsefish.png doesn't have /entity/ in path, so can't look for /entity_icon/
[15:06:11] [Render thread/WARN] [JMLogger] born_in_chaos_v1:textures/entities/decrepitskeleton.png doesn't have /entity/ in path, so can't look for /entity_icon/
[15:06:16] [Render thread/WARN] [JMLogger] Can't get entityTexture for alexsmobs:textures/entity_icon/flying_fish_0.png
[15:07:44] [Render thread/INFO] [JourneymapClient] Mapping halted in C:\Users\killi\AppData\Roaming\PrismLauncher\instances\Survie\minecraft\journeymap\data\mp\offline\minecraft:overworld
